	metadata.max.age.ms = 300000
	metadata.max.idle.ms = 300000
	metadata.recovery.rebootstrap.trigger.ms = 300000
	metadata.recovery.strategy = rebootstrap
	metric.reporters = [org.apache.kafka.common.metrics.JmxReporter]
	metrics.num.samples = 2
	metrics.recording.level = INFO
	metrics.sample.window.ms = 30000
	partitioner.adaptive.partitioning.enable = true
	partitioner.availability.timeout.ms = 0
	partitioner.class = null
	partitioner.ignore.keys = false
	receive.buffer.bytes = 32768
	reconnect.backoff.max.ms = 1000
	reconnect.backoff.ms = 50
	request.timeout.ms = 30000
	retries = 2147483647
	retry.backoff.max.ms = 1000
	retry.backoff.ms = 100
	sasl.client.callback.handler.class = null
	sasl.jaas.config = null
	sasl.kerberos.kinit.cmd = /usr/bin/kinit
	sasl.kerberos.min.time.before.relogin = 60000
	sasl.kerberos.service.name = null
	sasl.kerberos.ticket.renew.jitter = 0.05
	sasl.kerberos.ticket.renew.window.factor = 0.8
	sasl.login.callback.handler.class = null
	sasl.login.class = null
	sasl.login.connect.timeout.ms = null
	sasl.login.read.timeout.ms = null
	sasl.login.refresh.buffer.seconds = 300
	sasl.login.refresh.min.period.seconds = 60
	sasl.login.refresh.window.factor = 0.8
	sasl.login.refresh.window.jitter = 0.05
	sasl.login.retry.backoff.max.ms = 10000
	sasl.login.retry.backoff.ms = 100
	sasl.mechanism = GSSAPI
	sasl.oauthbearer.assertion.algorithm = RS256
	sasl.oauthbearer.assertion.claim.aud = null
	sasl.oauthbearer.assertion.claim.exp.seconds = 300
	sasl.oauthbearer.assertion.claim.iss = null
	sasl.oauthbearer.assertion.claim.jti.include = false
	sasl.oauthbearer.assertion.claim.nbf.seconds = 60
	sasl.oauthbearer.assertion.claim.sub = null
	sasl.oauthbearer.assertion.file = null
	sasl.oauthbearer.assertion.private.key.file = null
	sasl.oauthbearer.assertion.private.key.passphrase = null
	sasl.oauthbearer.assertion.template.file = null
	sasl.oauthbearer.client.credentials.client.id = null
	sasl.oauthbearer.client.credentials.client.secret = null
	sasl.oauthbearer.clock.skew.seconds = 30
	sasl.oauthbearer.expected.audience = []
	sasl.oauthbearer.expected.issuer = null
	sasl.oauthbearer.header.urlencode = false
	sasl.oauthbearer.jwks.endpoint.refresh.ms = 3600000
	sasl.oauthbearer.jwks.endpoint.retry.backoff.max.ms = 10000
	sasl.oauthbearer.jwks.endpoint.retry.backoff.ms = 100
	sasl.oauthbearer.jwks.endpoint.url = null
	sasl.oauthbearer.jwt.retriever.class = class org.apache.kafka.common.security.oauthbearer.DefaultJwtRetriever
	sasl.oauthbearer.jwt.validator.class = class org.apache.kafka.common.security.oauthbearer.DefaultJwtValidator
	sasl.oauthbearer.scope = null
	sasl.oauthbearer.scope.claim.name = scope
	sasl.oauthbearer.sub.claim.name = sub
	sasl.oauthbearer.token.endpoint.url = null
	security.protocol = PLAINTEXT
	security.providers = null
	send.buffer.bytes = 131072
	socket.connection.setup.timeout.max.ms = 30000
	socket.connection.setup.timeout.ms = 10000
	ssl.cipher.suites = []
	ssl.enabled.protocols = [TLSv1.2, TLSv1.3]
	ssl.endpoint.identification.algorithm = https
	ssl.engine.factory.class = null
	ssl.key.password = null
	ssl.keymanager.algorithm = SunX509
	ssl.keystore.certificate.chain = null
	ssl.keystore.key = null
	ssl.keystore.location = null
	ssl.keystore.password = null
	ssl.keystore.type = JKS
	ssl.protocol = TLSv1.3
	ssl.provider = null
	ssl.secure.random.implementation = null
	ssl.trustmanager.algorithm = PKIX
	ssl.truststore.certificates = null
	ssl.truststore.location = null
	ssl.truststore.password = null
	ssl.truststore.type = JKS
	transaction.timeout.ms = 60000
	transaction.two.phase.commit.enable = false
	transactional.id = null
	value.serializer = class org.apache.kafka.common.serialization.StringSerializer

2026-10-07T07:40:39.409Z  INFO 1 --- [ingestion-service] [omcat-handler-7] o.a.k.c.t.i.KafkaMetricsCollector        : initializing Kafka metrics collector
2026-10-07T07:40:39.418Z  INFO 1 --- [ingestion-service] [omcat-handler-7] o.a.k.clients.producer.KafkaProducer     : [Producer clientId=ingestion-service-producer-1] Instantiated an idempotent producer.
2026-10-07T07:40:39.502Z  INFO 1 --- [ingestion-service] [omcat-handler-7] o.a.kafka.common.utils.AppInfoParser     : Kafka version: 4.2.1
2026-10-07T07:40:39.502Z  INFO 1 --- [ingestion-service] [omcat-handler-7] o.a.kafka.common.utils.AppInfoParser     : Kafka commitId: 92f61c44867f39dc
2026-10-07T07:40:39.502Z  INFO 1 --- [ingestion-service] [omcat-handler-7] o.a.kafka.common.utils.AppInfoParser     : Kafka startTimeMs: 1791358839502
2026-10-07T07:40:39.510Z  INFO 1 --- [ingestion-service] [vice-producer-1] org.apache.kafka.clients.Metadata        : [Producer clientId=ingestion-service-producer-1] Cluster ID: MkU3OEVBNTcwNTJENDM2Qk
2026-10-07T07:40:39.621Z  INFO 1 --- [ingestion-service] [vice-producer-1] o.a.k.c.p.internals.TransactionManager   : [Producer clientId=ingestion-service-producer-1] ProducerId set to 0 with epoch 0
	ssl.truststore.password = null
	ssl.truststore.type = JKS

2026-10-07T07:40:33.581Z  INFO 1 --- [ingestion-service] [           main] o.a.kafka.common.utils.AppInfoParser     : Kafka version: 4.2.1
2026-10-07T07:40:33.582Z  INFO 1 --- [ingestion-service] [           main] o.a.kafka.common.utils.AppInfoParser     : Kafka commitId: 92f61c44867f39dc
2026-10-07T07:40:33.585Z  INFO 1 --- [ingestion-service] [           main] o.a.kafka.common.utils.AppInfoParser     : Kafka startTimeMs: 1791358833581
2026-10-07T07:40:34.307Z  INFO 1 --- [ingestion-service] [   batch-worker] org.apache.kafka.clients.Metadata        : [Consumer clientId=consumer-batch-writer-1, groupId=batch-writer] Cluster ID: MkU3OEVBNTcwNTJENDM2Qk
2026-10-07T07:40:34.345Z  INFO 1 --- [ingestion-service] [   batch-worker] o.a.k.c.c.internals.ConsumerCoordinator  : [Consumer clientId=consumer-batch-writer-1, groupId=batch-writer] Discovered group coordinator kafka:9092 (id: 2147483646 rack: null isFenced: false)
2026-10-07T07:40:34.365Z  INFO 1 --- [ingestion-service] [   batch-worker] o.a.k.c.c.internals.ConsumerCoordinator  : [Consumer clientId=consumer-batch-writer-1, groupId=batch-writer] (Re-)joining group
2026-10-07T07:40:34.408Z  INFO 1 --- [ingestion-service] [           main] o.apache.kafka.common.metrics.Metrics    : Metrics scheduler closed
2026-10-07T07:40:34.409Z  INFO 1 --- [ingestion-service] [           main] o.apache.kafka.common.metrics.Metrics    : Closing reporter org.apache.kafka.common.metrics.JmxReporter
2026-10-07T07:40:34.409Z  INFO 1 --- [ingestion-service] [           main] o.apache.kafka.common.metrics.Metrics    : Metrics reporters closed
2026-10-07T07:40:34.411Z  INFO 1 --- [ingestion-service] [service-admin-0] o.a.kafka.common.utils.AppInfoParser     : App info kafka.admin.client for ingestion-service-admin-0 unregistered
2026-10-07T07:40:34.421Z  INFO 1 --- [ingestion-service] [service-admin-0] o.apache.kafka.common.metrics.Metrics    : Metrics scheduler closed
2026-10-07T07:40:34.422Z  INFO 1 --- [ingestion-service] [service-admin-0] o.apache.kafka.common.metrics.Metrics    : Closing reporter org.apache.kafka.common.metrics.JmxReporter
2026-10-07T07:40:34.423Z  INFO 1 --- [ingestion-service] [service-admin-0] o.apache.kafka.common.metrics.Metrics    : Metrics reporters closed
2026-10-07T07:40:34.426Z  INFO 1 --- [ingestion-service] [   batch-worker] o.a.k.c.c.internals.ConsumerCoordinator  : [Consumer clientId=consumer-batch-writer-1, groupId=batch-writer] Group coordinator kafka:9092 (id: 2147483646 rack: null isFenced: false) is unavailable or invalid due to cause: error response NOT_COORDINATOR. isDisconnected: false. Rediscovery will be attempted.
2026-10-07T07:40:34.426Z  INFO 1 --- [ingestion-service] [   batch-worker] o.a.k.c.c.internals.ConsumerCoordinator  : [Consumer clientId=consumer-batch-writer-1, groupId=batch-writer] Requesting disconnect from last known coordinator kafka:9092 (id: 2147483646 rack: null isFenced: false)
2026-10-07T07:40:34.426Z  INFO 1 --- [ingestion-service] [   batch-worker] o.a.k.c.c.internals.ConsumerCoordinator  : [Consumer clientId=consumer-batch-writer-1, groupId=batch-writer] JoinGroup failed: This is not the correct coordinator. Marking coordinator unknown. Sent generation was Generation{generationId=-1, memberId='', protocol='null'}
2026-10-07T07:40:34.427Z  INFO 1 --- [ingestion-service] [   batch-worker] org.apache.kafka.clients.NetworkClient   : [Consumer clientId=consumer-batch-writer-1, groupId=batch-writer] Client requested disconnect from node 2147483646
2026-10-07T07:40:34.467Z  INFO 1 --- [ingestion-service] [   batch-worker] o.a.k.c.c.internals.ConsumerCoordinator  : [Consumer clientId=consumer-batch-writer-1, groupId=batch-writer] Discovered group coordinator kafka:9092 (id: 2147483646 rack: null isFenced: false)
2026-10-07T07:40:34.469Z  INFO 1 --- [ingestion-service] [   batch-worker] o.a.k.c.c.internals.ConsumerCoordinator  : [Consumer clientId=consumer-batch-writer-1, groupId=batch-writer] Group coordinator kafka:9092 (id: 2147483646 rack: null isFenced: false) is unavailable or invalid due to cause: coordinator unavailable. isDisconnected: false. Rediscovery will be attempted.
2026-10-07T07:40:34.469Z  INFO 1 --- [ingestion-service] [   batch-worker] o.a.k.c.c.internals.ConsumerCoordinator  : [Consumer clientId=consumer-batch-writer-1, groupId=batch-writer] Requesting disconnect from last known coordinator kafka:9092 (id: 2147483646 rack: null isFenced: false)
2026-10-07T07:40:34.481Z  INFO 1 --- [ingestion-service] [           main] o.s.boot.tomcat.TomcatWebServer          : Tomcat started on port 8082 (http) with context path '/'
2026-10-07T07:40:34.552Z  INFO 1 --- [ingestion-service] [           main] app.ingest.IngestionApplication          : Started IngestionApplication in 16.473 seconds (process running for 18.617)
2026-10-07T07:40:34.590Z  INFO 1 --- [ingestion-service] [   batch-worker] o.a.k.c.c.internals.ConsumerCoordinator  : [Consumer clientId=consumer-batch-writer-1, groupId=batch-writer] Discovered group coordinator kafka:9092 (id: 2147483646 rack: null isFenced: false)
2026-10-07T07:40:34.591Z  INFO 1 --- [ingestion-service] [   batch-worker] o.a.k.c.c.internals.ConsumerCoordinator  : [Consumer clientId=consumer-batch-writer-1, groupId=batch-writer] Request joining group due to: rebalance failed due to 'This is not the correct coordinator.' (NotCoordinatorException)
2026-10-07T07:40:34.594Z  INFO 1 --- [ingestion-service] [   batch-worker] o.a.k.c.c.internals.ConsumerCoordinator  : [Consumer clientId=consumer-batch-writer-1, groupId=batch-writer] (Re-)joining group
2026-10-07T07:40:34.605Z  INFO 1 --- [ingestion-service] [   batch-worker] o.a.k.c.c.internals.ConsumerCoordinator  : [Consumer clientId=consumer-batch-writer-1, groupId=batch-writer] Group coordinator kafka:9092 (id: 2147483646 rack: null isFenced: false) is unavailable or invalid due to cause: error response NOT_COORDINATOR. isDisconnected: false. Rediscovery will be attempted.
2026-10-07T07:40:34.605Z  INFO 1 --- [ingestion-service] [   batch-worker] o.a.k.c.c.internals.ConsumerCoordinator  : [Consumer clientId=consumer-batch-writer-1, groupId=batch-writer] Requesting disconnect from last known coordinator kafka:9092 (id: 2147483646 rack: null isFenced: false)
2026-10-07T07:40:34.607Z  INFO 1 --- [ingestion-service] [   batch-worker] o.a.k.c.c.internals.ConsumerCoordinator  : [Consumer clientId=consumer-batch-writer-1, groupId=batch-writer] JoinGroup failed: This is not the correct coordinator. Marking coordinator unknown. Sent generation was Generation{generationId=-1, memberId='', protocol='null'}
2026-10-07T07:40:34.607Z  INFO 1 --- [ingestion-service] [   batch-worker] org.apache.kafka.clients.NetworkClient   : [Consumer clientId=consumer-batch-writer-1, groupId=batch-writer] Client requested disconnect from node 2147483646
2026-10-07T07:40:34.622Z  INFO 1 --- [ingestion-service] [   batch-worker] o.a.k.c.c.internals.ConsumerCoordinator  : [Consumer clientId=consumer-batch-writer-1, groupId=batch-writer] Discovered group coordinator kafka:9092 (id: 2147483646 rack: null isFenced: false)
2026-10-07T07:40:34.623Z  INFO 1 --- [ingestion-service] [   batch-worker] o.a.k.c.c.internals.ConsumerCoordinator  : [Consumer clientId=consumer-batch-writer-1, groupId=batch-writer] Group coordinator kafka:9092 (id: 2147483646 rack: null isFenced: false) is unavailable or invalid due to cause: coordinator unavailable. isDisconnected: false. Rediscovery will be attempted.
2026-10-07T07:40:34.625Z  INFO 1 --- [ingestion-service] [   batch-worker] o.a.k.c.c.internals.ConsumerCoordinator  : [Consumer clientId=consumer-batch-writer-1, groupId=batch-writer] Requesting disconnect from last known coordinator kafka:9092 (id: 2147483646 rack: null isFenced: false)
2026-10-07T07:40:34.779Z  INFO 1 --- [ingestion-service] [   batch-worker] o.a.k.c.c.internals.ConsumerCoordinator  : [Consumer clientId=consumer-batch-writer-1, groupId=batch-writer] Discovered group coordinator kafka:9092 (id: 2147483646 rack: null isFenced: false)
2026-10-07T07:40:34.786Z  INFO 1 --- [ingestion-service] [   batch-worker] o.a.k.c.c.internals.ConsumerCoordinator  : [Consumer clientId=consumer-batch-writer-1, groupId=batch-writer] Request joining group due to: rebalance failed due to 'This is not the correct coordinator.' (NotCoordinatorException)
2026-10-07T07:40:34.789Z  INFO 1 --- [ingestion-service] [   batch-worker] o.a.k.c.c.internals.ConsumerCoordinator  : [Consumer clientId=consumer-batch-writer-1, groupId=batch-writer] (Re-)joining group
2026-10-07T07:40:34.798Z  INFO 1 --- [ingestion-service] [   batch-worker] o.a.k.c.c.internals.ConsumerCoordinator  : [Consumer clientId=consumer-batch-writer-1, groupId=batch-writer] Group coordinator kafka:9092 (id: 2147483646 rack: null isFenced: false) is unavailable or invalid due to cause: error response NOT_COORDINATOR. isDisconnected: false. Rediscovery will be attempted.
2026-10-07T07:40:34.800Z  INFO 1 --- [ingestion-service] [   batch-worker] o.a.k.c.c.internals.ConsumerCoordinator  : [Consumer clientId=consumer-batch-writer-1, groupId=batch-writer] Requesting disconnect from last known coordinator kafka:9092 (id: 2147483646 rack: null isFenced: false)
2026-10-07T07:40:34.800Z  INFO 1 --- [ingestion-service] [   batch-worker] o.a.k.c.c.internals.ConsumerCoordinator  : [Consumer clientId=consumer-batch-writer-1, groupId=batch-writer] JoinGroup failed: This is not the correct coordinator. Marking coordinator unknown. Sent generation was Generation{generationId=-1, memberId='', protocol='null'}
2026-10-07T07:40:34.801Z  INFO 1 --- [ingestion-service] [   batch-worker] org.apache.kafka.clients.NetworkClient   : [Consumer clientId=consumer-batch-writer-1, groupId=batch-writer] Client requested disconnect from node 2147483646
2026-10-07T07:40:34.826Z  INFO 1 --- [ingestion-service] [   batch-worker] o.a.k.c.c.internals.ConsumerCoordinator  : [Consumer clientId=consumer-batch-writer-1, groupId=batch-writer] Discovered group coordinator kafka:9092 (id: 2147483646 rack: null isFenced: false)
2026-10-07T07:40:34.828Z  INFO 1 --- [ingestion-service] [   batch-worker] o.a.k.c.c.internals.ConsumerCoordinator  : [Consumer clientId=consumer-batch-writer-1, groupId=batch-writer] Group coordinator kafka:9092 (id: 2147483646 rack: null isFenced: false) is unavailable or invalid due to cause: coordinator unavailable. isDisconnected: false. Rediscovery will be attempted.
2026-10-07T07:40:34.829Z  INFO 1 --- [ingestion-service] [   batch-worker] o.a.k.c.c.internals.ConsumerCoordinator  : [Consumer clientId=consumer-batch-writer-1, groupId=batch-writer] Requesting disconnect from last known coordinator kafka:9092 (id: 2147483646 rack: null isFenced: false)
2026-10-07T07:40:34.958Z  INFO 1 --- [ingestion-service] [   batch-worker] o.a.k.c.c.internals.ConsumerCoordinator  : [Consumer clientId=consumer-batch-writer-1, groupId=batch-writer] Discovered group coordinator kafka:9092 (id: 2147483646 rack: null isFenced: false)
2026-10-07T07:40:34.959Z  INFO 1 --- [ingestion-service] [   batch-worker] o.a.k.c.c.internals.ConsumerCoordinator  : [Consumer clientId=consumer-batch-writer-1, groupId=batch-writer] Request joining group due to: rebalance failed due to 'This is not the correct coordinator.' (NotCoordinatorException)
2026-10-07T07:40:34.972Z  INFO 1 --- [ingestion-service] [   batch-worker] o.a.k.c.c.internals.ConsumerCoordinator  : [Consumer clientId=consumer-batch-writer-1, groupId=batch-writer] (Re-)joining group
2026-10-07T07:40:35.001Z  INFO 1 --- [ingestion-service] [   batch-worker] o.a.k.c.c.internals.ConsumerCoordinator  : [Consumer clientId=consumer-batch-writer-1, groupId=batch-writer] Group coordinator kafka:9092 (id: 2147483646 rack: null isFenced: false) is unavailable or invalid due to cause: error response NOT_COORDINATOR. isDisconnected: false. Rediscovery will be attempted.
2026-10-07T07:40:35.004Z  INFO 1 --- [ingestion-service] [   batch-worker] o.a.k.c.c.internals.ConsumerCoordinator  : [Consumer clientId=consumer-batch-writer-1, groupId=batch-writer] Requesting disconnect from last known coordinator kafka:9092 (id: 2147483646 rack: null isFenced: false)
2026-10-07T07:40:35.005Z  INFO 1 --- [ingestion-service] [   batch-worker] o.a.k.c.c.internals.ConsumerCoordinator  : [Consumer clientId=consumer-batch-writer-1, groupId=batch-writer] JoinGroup failed: This is not the correct coordinator. Marking coordinator unknown. Sent generation was Generation{generationId=-1, memberId='', protocol='null'}
2026-10-07T07:40:35.007Z  INFO 1 --- [ingestion-service] [   batch-worker] org.apache.kafka.clients.NetworkClient   : [Consumer clientId=consumer-batch-writer-1, groupId=batch-writer] Client requested disconnect from node 2147483646
2026-10-07T07:40:35.021Z  INFO 1 --- [ingestion-service] [   batch-worker] o.a.k.c.c.internals.ConsumerCoordinator  : [Consumer clientId=consumer-batch-writer-1, groupId=batch-writer] Discovered group coordinator kafka:9092 (id: 2147483646 rack: null isFenced: false)
2026-10-07T07:40:35.023Z  INFO 1 --- [ingestion-service] [   batch-worker] o.a.k.c.c.internals.ConsumerCoordinator  : [Consumer clientId=consumer-batch-writer-1, groupId=batch-writer] Group coordinator kafka:9092 (id: 2147483646 rack: null isFenced: false) is unavailable or invalid due to cause: coordinator unavailable. isDisconnected: false. Rediscovery will be attempted.
2026-10-07T07:40:35.028Z  INFO 1 --- [ingestion-service] [   batch-worker] o.a.k.c.c.internals.ConsumerCoordinator  : [Consumer clientId=consumer-batch-writer-1, groupId=batch-writer] Requesting disconnect from last known coordinator kafka:9092 (id: 2147483646 rack: null isFenced: false)
2026-10-07T07:40:35.169Z  INFO 1 --- [ingestion-service] [   batch-worker] o.a.k.c.c.internals.ConsumerCoordinator  : [Consumer clientId=consumer-batch-writer-1, groupId=batch-writer] Discovered group coordinator kafka:9092 (id: 2147483646 rack: null isFenced: false)
2026-10-07T07:40:35.170Z  INFO 1 --- [ingestion-service] [   batch-worker] o.a.k.c.c.internals.ConsumerCoordinator  : [Consumer clientId=consumer-batch-writer-1, groupId=batch-writer] Request joining group due to: rebalance failed due to 'This is not the correct coordinator.' (NotCoordinatorException)
2026-10-07T07:40:35.173Z  INFO 1 --- [ingestion-service] [   batch-worker] o.a.k.c.c.internals.ConsumerCoordinator  : [Consumer clientId=consumer-batch-writer-1, groupId=batch-writer] (Re-)joining group
2026-10-07T07:40:35.188Z  INFO 1 --- [ingestion-service] [   batch-worker] o.a.k.c.c.internals.ConsumerCoordinator  : [Consumer clientId=consumer-batch-writer-1, groupId=batch-writer] Group coordinator kafka:9092 (id: 2147483646 rack: null isFenced: false) is unavailable or invalid due to cause: error response NOT_COORDINATOR. isDisconnected: false. Rediscovery will be attempted.
2026-10-07T07:40:35.189Z  INFO 1 --- [ingestion-service] [   batch-worker] o.a.k.c.c.internals.ConsumerCoordinator  : [Consumer clientId=consumer-batch-writer-1, groupId=batch-writer] Requesting disconnect from last known coordinator kafka:9092 (id: 2147483646 rack: null isFenced: false)
2026-10-07T07:40:35.189Z  INFO 1 --- [ingestion-service] [   batch-worker] o.a.k.c.c.internals.ConsumerCoordinator  : [Consumer clientId=consumer-batch-writer-1, groupId=batch-writer] JoinGroup failed: This is not the correct coordinator. Marking coordinator unknown. Sent generation was Generation{generationId=-1, memberId='', protocol='null'}
2026-10-07T07:40:35.190Z  INFO 1 --- [ingestion-service] [   batch-worker] org.apache.kafka.clients.NetworkClient   : [Consumer clientId=consumer-batch-writer-1, groupId=batch-writer] Client requested disconnect from node 2147483646
2026-10-07T07:40:35.208Z  INFO 1 --- [ingestion-service] [   batch-worker] o.a.k.c.c.internals.ConsumerCoordinator  : [Consumer clientId=consumer-batch-writer-1, groupId=batch-writer] Discovered group coordinator kafka:9092 (id: 2147483646 rack: null isFenced: false)
2026-10-07T07:40:35.210Z  INFO 1 --- [ingestion-service] [   batch-worker] o.a.k.c.c.internals.ConsumerCoordinator  : [Consumer clientId=consumer-batch-writer-1, groupId=batch-writer] Group coordinator kafka:9092 (id: 2147483646 rack: null isFenced: false) is unavailable or invalid due to cause: coordinator unavailable. isDisconnected: false. Rediscovery will be attempted.
2026-10-07T07:40:35.212Z  INFO 1 --- [ingestion-service] [   batch-worker] o.a.k.c.c.internals.ConsumerCoordinator  : [Consumer clientId=consumer-batch-writer-1, groupId=batch-writer] Requesting disconnect from last known coordinator kafka:9092 (id: 2147483646 rack: null isFenced: false)
2026-10-07T07:40:35.306Z  INFO 1 --- [ingestion-service] [   batch-worker] o.a.k.c.c.internals.ConsumerCoordinator  : [Consumer clientId=consumer-batch-writer-1, groupId=batch-writer] Discovered group coordinator kafka:9092 (id: 2147483646 rack: null isFenced: false)
2026-10-07T07:40:35.311Z  INFO 1 --- [ingestion-service] [   batch-worker] o.a.k.c.c.internals.ConsumerCoordinator  : [Consumer clientId=consumer-batch-writer-1, groupId=batch-writer] Request joining group due to: rebalance failed due to 'This is not the correct coordinator.' (NotCoordinatorException)
2026-10-07T07:40:35.314Z  INFO 1 --- [ingestion-service] [   batch-worker] o.a.k.c.c.internals.ConsumerCoordinator  : [Consumer clientId=consumer-batch-writer-1, groupId=batch-writer] (Re-)joining group
2026-10-07T07:40:35.324Z  INFO 1 --- [ingestion-service] [   batch-worker] o.a.k.c.c.internals.ConsumerCoordinator  : [Consumer clientId=consumer-batch-writer-1, groupId=batch-writer] Group coordinator kafka:9092 (id: 2147483646 rack: null isFenced: false) is unavailable or invalid due to cause: error response NOT_COORDINATOR. isDisconnected: false. Rediscovery will be attempted.
2026-10-07T07:40:35.325Z  INFO 1 --- [ingestion-service] [   batch-worker] o.a.k.c.c.internals.ConsumerCoordinator  : [Consumer clientId=consumer-batch-writer-1, groupId=batch-writer] Requesting disconnect from last known coordinator kafka:9092 (id: 2147483646 rack: null isFenced: false)
2026-10-07T07:40:35.326Z  INFO 1 --- [ingestion-service] [   batch-worker] o.a.k.c.c.internals.ConsumerCoordinator  : [Consumer clientId=consumer-batch-writer-1, groupId=batch-writer] JoinGroup failed: This is not the correct coordinator. Marking coordinator unknown. Sent generation was Generation{generationId=-1, memberId='', protocol='null'}
2026-10-07T07:40:35.326Z  INFO 1 --- [ingestion-service] [   batch-worker] org.apache.kafka.clients.NetworkClient   : [Consumer clientId=consumer-batch-writer-1, groupId=batch-writer] Client requested disconnect from node 2147483646
2026-10-07T07:40:35.333Z  INFO 1 --- [ingestion-service] [   batch-worker] o.a.k.c.c.internals.ConsumerCoordinator  : [Consumer clientId=consumer-batch-writer-1, groupId=batch-writer] Discovered group coordinator kafka:9092 (id: 2147483646 rack: null isFenced: false)
2026-10-07T07:40:35.335Z  INFO 1 --- [ingestion-service] [   batch-worker] o.a.k.c.c.internals.ConsumerCoordinator  : [Consumer clientId=consumer-batch-writer-1, groupId=batch-writer] Group coordinator kafka:9092 (id: 2147483646 rack: null isFenced: false) is unavailable or invalid due to cause: coordinator unavailable. isDisconnected: false. Rediscovery will be attempted.
2026-10-07T07:40:35.337Z  INFO 1 --- [ingestion-service] [   batch-worker] o.a.k.c.c.internals.ConsumerCoordinator  : [Consumer clientId=consumer-batch-writer-1, groupId=batch-writer] Requesting disconnect from last known coordinator kafka:9092 (id: 2147483646 rack: null isFenced: false)
2026-10-07T07:40:35.448Z  INFO 1 --- [ingestion-service] [   batch-worker] o.a.k.c.c.internals.ConsumerCoordinator  : [Consumer clientId=consumer-batch-writer-1, groupId=batch-writer] Discovered group coordinator kafka:9092 (id: 2147483646 rack: null isFenced: false)
2026-10-07T07:40:35.452Z  INFO 1 --- [ingestion-service] [   batch-worker] o.a.k.c.c.internals.ConsumerCoordinator  : [Consumer clientId=consumer-batch-writer-1, groupId=batch-writer] Request joining group due to: rebalance failed due to 'This is not the correct coordinator.' (NotCoordinatorException)
2026-10-07T07:40:35.455Z  INFO 1 --- [ingestion-service] [   batch-worker] o.a.k.c.c.internals.ConsumerCoordinator  : [Consumer clientId=consumer-batch-writer-1, groupId=batch-writer] (Re-)joining group
2026-10-07T07:40:35.463Z  INFO 1 --- [ingestion-service] [   batch-worker] o.a.k.c.c.internals.ConsumerCoordinator  : [Consumer clientId=consumer-batch-writer-1, groupId=batch-writer] Group coordinator kafka:9092 (id: 2147483646 rack: null isFenced: false) is unavailable or invalid due to cause: error response NOT_COORDINATOR. isDisconnected: false. Rediscovery will be attempted.
2026-10-07T07:40:35.464Z  INFO 1 --- [ingestion-service] [   batch-worker] o.a.k.c.c.internals.ConsumerCoordinator  : [Consumer clientId=consumer-batch-writer-1, groupId=batch-writer] Requesting disconnect from last known coordinator kafka:9092 (id: 2147483646 rack: null isFenced: false)
2026-10-07T07:40:35.464Z  INFO 1 --- [ingestion-service] [   batch-worker] o.a.k.c.c.internals.ConsumerCoordinator  : [Consumer clientId=consumer-batch-writer-1, groupId=batch-writer] JoinGroup failed: This is not the correct coordinator. Marking coordinator unknown. Sent generation was Generation{generationId=-1, memberId='', protocol='null'}
2026-10-07T07:40:35.465Z  INFO 1 --- [ingestion-service] [   batch-worker] org.apache.kafka.clients.NetworkClient   : [Consumer clientId=consumer-batch-writer-1, groupId=batch-writer] Client requested disconnect from node 2147483646
2026-10-07T07:40:35.468Z  INFO 1 --- [ingestion-service] [   batch-worker] o.a.k.c.c.internals.ConsumerCoordinator  : [Consumer clientId=consumer-batch-writer-1, groupId=batch-writer] Discovered group coordinator kafka:9092 (id: 2147483646 rack: null isFenced: false)
2026-10-07T07:40:35.469Z  INFO 1 --- [ingestion-service] [   batch-worker] o.a.k.c.c.internals.ConsumerCoordinator  : [Consumer clientId=consumer-batch-writer-1, groupId=batch-writer] Group coordinator kafka:9092 (id: 2147483646 rack: null isFenced: false) is unavailable or invalid due to cause: coordinator unavailable. isDisconnected: false. Rediscovery will be attempted.
2026-10-07T07:40:35.470Z  INFO 1 --- [ingestion-service] [   batch-worker] o.a.k.c.c.internals.ConsumerCoordinator  : [Consumer clientId=consumer-batch-writer-1, groupId=batch-writer] Requesting disconnect from last known coordinator kafka:9092 (id: 2147483646 rack: null isFenced: false)
2026-10-07T07:40:35.580Z  INFO 1 --- [ingestion-service] [   batch-worker] o.a.k.c.c.internals.ConsumerCoordinator  : [Consumer clientId=consumer-batch-writer-1, groupId=batch-writer] Discovered group coordinator kafka:9092 (id: 2147483646 rack: null isFenced: false)
2026-10-07T07:40:35.582Z  INFO 1 --- [ingestion-service] [   batch-worker] o.a.k.c.c.internals.ConsumerCoordinator  : [Consumer clientId=consumer-batch-writer-1, groupId=batch-writer] Request joining group due to: rebalance failed due to 'This is not the correct coordinator.' (NotCoordinatorException)
2026-10-07T07:40:35.583Z  INFO 1 --- [ingestion-service] [   batch-worker] o.a.k.c.c.internals.ConsumerCoordinator  : [Consumer clientId=consumer-batch-writer-1, groupId=batch-writer] (Re-)joining group
2026-10-07T07:40:35.698Z  INFO 1 --- [ingestion-service] [   batch-worker] o.a.k.c.c.internals.ConsumerCoordinator  : [Consumer clientId=consumer-batch-writer-1, groupId=batch-writer] Request joining group due to: need to re-join with the given member-id: consumer-batch-writer-1-e9afee10-f1d5-4909-8d74-2a94bf78c6ae
2026-10-07T07:40:35.698Z  INFO 1 --- [ingestion-service] [   batch-worker] o.a.k.c.c.internals.ConsumerCoordinator  : [Consumer clientId=consumer-batch-writer-1, groupId=batch-writer] (Re-)joining group
2026-10-07T07:40:35.762Z  INFO 1 --- [ingestion-service] [   batch-worker] o.a.k.c.c.internals.ConsumerCoordinator  : [Consumer clientId=consumer-batch-writer-1, groupId=batch-writer] Successfully joined group with generation Generation{generationId=1, memberId='consumer-batch-writer-1-e9afee10-f1d5-4909-8d74-2a94bf78c6ae', protocol='range'}
2026-10-07T07:40:35.790Z  INFO 1 --- [ingestion-service] [   batch-worker] o.a.k.c.c.internals.ConsumerCoordinator  : [Consumer clientId=consumer-batch-writer-1, groupId=batch-writer] Successfully synced group in generation Generation{generationId=1, memberId='consumer-batch-writer-1-e9afee10-f1d5-4909-8d74-2a94bf78c6ae', protocol='range'}
2026-10-07T07:40:35.794Z  INFO 1 --- [ingestion-service] [   batch-worker] o.a.k.c.c.internals.ConsumerCoordinator  : [Consumer clientId=consumer-batch-writer-1, groupId=batch-writer] Notifying assignor about the new Assignment(partitions=[search-events-0])
2026-10-07T07:40:35.796Z  INFO 1 --- [ingestion-service] [   batch-worker] k.c.c.i.ConsumerRebalanceListenerInvoker : [Consumer clientId=consumer-batch-writer-1, groupId=batch-writer] Adding newly assigned partitions: [search-events-0]
2026-10-07T07:40:35.814Z  INFO 1 --- [ingestion-service] [   batch-worker] o.a.k.c.c.internals.ConsumerCoordinator  : [Consumer clientId=consumer-batch-writer-1, groupId=batch-writer] Found no committed offset for partition search-events-0
2026-10-07T07:40:35.838Z  INFO 1 --- [ingestion-service] [   batch-worker] o.a.k.c.c.internals.SubscriptionState    : [Consumer clientId=consumer-batch-writer-1, groupId=batch-writer] Resetting offset for partition search-events-0 to position FetchPosition{offset=0, offsetEpoch=Optional.empty, currentLeader=LeaderAndEpoch{leader=Optional[kafka:9092 (id: 1 rack: null isFenced: false)], epoch=0}}.
2026-10-07T07:40:37.287Z  INFO 1 --- [ingestion-service] [omcat-handler-0] o.a.c.c.C.[Tomcat].[localhost].[/]       : Initializing Spring DispatcherServlet 'dispatcherServlet'
2026-10-07T07:40:37.289Z  INFO 1 --- [ingestion-service] [omcat-handler-0] o.s.web.servlet.DispatcherServlet        : Initializing Servlet 'dispatcherServlet'
2026-10-07T07:40:37.290Z  INFO 1 --- [ingestion-service] [omcat-handler-0] o.s.web.servlet.DispatcherServlet        : Completed initialization in 1 ms
2026-10-07T07:40:39.717Z  INFO 1 --- [ingestion-service] [   batch-worker] app.ingest.batch.BatchWorker             : flushed 1 distinct queries in one transaction
