Picked up JAVA_TOOL_OPTIONS: -Xms64m -Xmx192m -XX:MaxMetaspaceSize=160m -XX:ReservedCodeCacheSize=48m -XX:MaxDirectMemorySize=64m -XX:ActiveProcessorCount=2

  .   ____          _            __ _ _
 /\\ / ___'_ __ _ _(_)_ __  __ _ \ \ \ \
( ( )\___ | '_ | '_| | '_ \/ _` | \ \ \ \
 \\/  ___)| |_)| | | | | || (_| |  ) ) ) )
  '  |____| .__|_| |_|_| |_\__, | / / / /
 =========|_|==============|___/=/_/_/_/

 :: Spring Boot ::                (v4.1.1)

2026-10-07T07:40:23.656Z  INFO 1 --- [suggestion-service] [           main] app.suggest.SuggestionApplication        : Starting SuggestionApplication v0.1.0 using Java 21.0.12.1 with PID 1 (/app/app.jar started by ? in /app)
2026-10-07T07:40:23.669Z  INFO 1 --- [suggestion-service] [           main] app.suggest.SuggestionApplication        : No active profile set, falling back to 1 default profile: "default"
2026-10-07T07:40:29.119Z  INFO 1 --- [suggestion-service] [           main] o.s.boot.tomcat.TomcatWebServer          : Tomcat initialized with port 8081 (http)
2026-10-07T07:40:29.174Z  INFO 1 --- [suggestion-service] [           main] o.apache.catalina.core.StandardService   : Starting service [Tomcat]
2026-10-07T07:40:29.174Z  INFO 1 --- [suggestion-service] [           main] o.apache.catalina.core.StandardEngine    : Starting Servlet engine: [Apache Tomcat/11.0.25]
2026-10-07T07:40:29.263Z  INFO 1 --- [suggestion-service] [           main] b.w.c.s.WebApplicationContextInitializer : Root WebApplicationContext: initialization completed in 5354 ms
2026-10-07T07:40:32.409Z  INFO 1 --- [suggestion-service] [           main] app.suggest.cache.RedisRouter            : cache ring membership changed: live nodes [0]
2026-10-07T07:40:33.982Z  INFO 1 --- [suggestion-service] [           main] o.s.b.a.e.web.EndpointLinksResolver      : Exposing 3 endpoints beneath base path ''
2026-10-07T07:40:34.344Z  INFO 1 --- [suggestion-service] [           main] o.s.boot.tomcat.TomcatWebServer          : Tomcat started on port 8081 (http) with context path '/'
2026-10-07T07:40:34.396Z  INFO 1 --- [suggestion-service] [           main] app.suggest.SuggestionApplication        : Started SuggestionApplication in 13.173 seconds (process running for 15.432)
2026-10-07T07:40:34.916Z  INFO 1 --- [suggestion-service] [           main] com.zaxxer.hikari.HikariDataSource       : HikariPool-1 - Starting...
2026-10-07T07:40:35.504Z  INFO 1 --- [suggestion-service] [           main] com.zaxxer.hikari.pool.HikariPool        : HikariPool-1 - Added connection org.postgresql.jdbc.PgConnection@4742466e
2026-10-07T07:40:35.534Z  INFO 1 --- [suggestion-service] [           main] com.zaxxer.hikari.HikariDataSource       : HikariPool-1 - Start completed.
2026-10-07T07:40:35.597Z  INFO 1 --- [suggestion-service] [           main] app.suggest.index.IndexBuilder           : built index gen=1 from 5 queries (74 nodes) in 701 ms
2026-10-07T07:40:37.176Z  INFO 1 --- [suggestion-service] [omcat-handler-0] o.a.c.c.C.[Tomcat].[localhost].[/]       : Initializing Spring DispatcherServlet 'dispatcherServlet'
2026-10-07T07:40:37.176Z  INFO 1 --- [suggestion-service] [omcat-handler-0] o.s.web.servlet.DispatcherServlet        : Initializing Servlet 'dispatcherServlet'
2026-10-07T07:40:37.178Z  INFO 1 --- [suggestion-service] [omcat-handler-0] o.s.web.servlet.DispatcherServlet        : Completed initialization in 1 ms
2026-10-07T07:40:39.372Z  WARN 1 --- [suggestion-service] [   scheduling-1] i.m.core.instrument.MeterRegistry        : This Gauge has been already registered (MeterId{name='suggest.index.generation', tags=[]}), the registration will be ignored. Note that subsequent logs will be logged at debug level.
2026-10-07T07:40:39.373Z  INFO 1 --- [suggestion-service] [   scheduling-1] app.suggest.index.IndexBuilder           : built index gen=2 from 6 queries (99 nodes) in 2 ms
Picked up JAVA_TOOL_OPTIONS: -Xms64m -Xmx192m -XX:MaxMetaspaceSize=160m -XX:ReservedCodeCacheSize=48m -XX:MaxDirectMemorySize=64m -XX:ActiveProcessorCount=2

  .   ____          _            __ _ _
 /\\ / ___'_ __ _ _(_)_ __  __ _ \ \ \ \
( ( )\___ | '_ | '_| | '_ \/ _` | \ \ \ \
 \\/  ___)| |_)| | | | | || (_| |  ) ) ) )
  '  |____| .__|_| |_|_| |_\__, | / / / /
 =========|_|==============|___/=/_/_/_/

 :: Spring Boot ::                (v4.1.1)

2026-10-07T07:40:24.234Z  INFO 1 --- [suggestion-service] [           main] app.suggest.SuggestionApplication        : Starting SuggestionApplication v0.1.0 using Java 21.0.12.1 with PID 1 (/app/app.jar started by ? in /app)
2026-10-07T07:40:24.263Z  INFO 1 --- [suggestion-service] [           main] app.suggest.SuggestionApplication        : No active profile set, falling back to 1 default profile: "default"
2026-10-07T07:40:29.384Z  INFO 1 --- [suggestion-service] [           main] o.s.boot.tomcat.TomcatWebServer          : Tomcat initialized with port 8081 (http)
2026-10-07T07:40:29.427Z  INFO 1 --- [suggestion-service] [           main] o.apache.catalina.core.StandardService   : Starting service [Tomcat]
2026-10-07T07:40:29.428Z  INFO 1 --- [suggestion-service] [           main] o.apache.catalina.core.StandardEngine    : Starting Servlet engine: [Apache Tomcat/11.0.25]
2026-10-07T07:40:29.543Z  INFO 1 --- [suggestion-service] [           main] b.w.c.s.WebApplicationContextInitializer : Root WebApplicationContext: initialization completed in 4869 ms
2026-10-07T07:40:32.655Z  INFO 1 --- [suggestion-service] [           main] app.suggest.cache.RedisRouter            : cache ring membership changed: live nodes [0]
2026-10-07T07:40:34.162Z  INFO 1 --- [suggestion-service] [           main] o.s.b.a.e.web.EndpointLinksResolver      : Exposing 3 endpoints beneath base path ''
2026-10-07T07:40:34.563Z  INFO 1 --- [suggestion-service] [           main] o.s.boot.tomcat.TomcatWebServer          : Tomcat started on port 8081 (http) with context path '/'
2026-10-07T07:40:34.659Z  INFO 1 --- [suggestion-service] [           main] app.suggest.SuggestionApplication        : Started SuggestionApplication in 12.887 seconds (process running for 15.726)
2026-10-07T07:40:35.232Z  INFO 1 --- [suggestion-service] [           main] com.zaxxer.hikari.HikariDataSource       : HikariPool-1 - Starting...
2026-10-07T07:40:35.744Z  INFO 1 --- [suggestion-service] [           main] com.zaxxer.hikari.pool.HikariPool        : HikariPool-1 - Added connection org.postgresql.jdbc.PgConnection@1e1ea16d
2026-10-07T07:40:35.749Z  INFO 1 --- [suggestion-service] [           main] com.zaxxer.hikari.HikariDataSource       : HikariPool-1 - Start completed.
2026-10-07T07:40:35.824Z  INFO 1 --- [suggestion-service] [           main] app.suggest.index.IndexBuilder           : built index gen=1 from 5 queries (74 nodes) in 650 ms
2026-10-07T07:40:37.186Z  INFO 1 --- [suggestion-service] [omcat-handler-0] o.a.c.c.C.[Tomcat].[localhost].[/]       : Initializing Spring DispatcherServlet 'dispatcherServlet'
2026-10-07T07:40:37.187Z  INFO 1 --- [suggestion-service] [omcat-handler-0] o.s.web.servlet.DispatcherServlet        : Initializing Servlet 'dispatcherServlet'
2026-10-07T07:40:37.192Z  INFO 1 --- [suggestion-service] [omcat-handler-0] o.s.web.servlet.DispatcherServlet        : Completed initialization in 5 ms
2026-10-07T07:40:39.604Z  WARN 1 --- [suggestion-service] [   scheduling-1] i.m.core.instrument.MeterRegistry        : This Gauge has been already registered (MeterId{name='suggest.index.generation', tags=[]}), the registration will be ignored. Note that subsequent logs will be logged at debug level.
2026-10-07T07:40:39.605Z  INFO 1 --- [suggestion-service] [   scheduling-1] app.suggest.index.IndexBuilder           : built index gen=2 from 6 queries (99 nodes) in 1 ms
